11:14:31 **** Incremental Build of configuration Debug for project proj2 ****
make -j12 all 
arm-none-eabi-gcc "../Core/Src/main.c" -mcpu=cortex-m4 -std=gnu11 -g3 -DDEBUG -DUSE_HAL_DRIVER -DSTM32F407xx -c -I../Core/Inc -I../Drivers/STM32F4xx_HAL_Driver/Inc -I../Drivers/STM32F4xx_HAL_Driver/Inc/Legacy -I../Drivers/CMSIS/Device/ST/STM32F4xx/Include -I../Drivers/CMSIS/Include -I../X-CUBE-AI/App -I../X-CUBE-AI -I../Middlewares/ST/AI/Inc -O0 -ffunction-sections -fdata-sections -Wall -fstack-usage -MMD -MP -MF"Core/Src/main.d" -MT"Core/Src/main.o" --specs=nano.specs -mfpu=fpv4-sp-d16 -mfloat-abi=hard -mthumb -o "Core/Src/main.o"
../Core/Src/main.c: In function 'main':
../Core/Src/main.c:112:34: warning: pointer targets in passing argument 2 of 'HAL_UART_Transmit' differ in signedness [-Wpointer-sign]
  112 |    if(HAL_UART_Transmit(&huart1, "TEST ", 6, 100) != HAL_OK)
      |                                  ^~~~~~~
      |                                  |
      |                                  char *
In file included from ../Core/Inc/stm32f4xx_hal_conf.h:407,
                 from ../Drivers/STM32F4xx_HAL_Driver/Inc/stm32f4xx_hal.h:29,
                 from ../Core/Inc/main.h:30,
                 from ../Core/Src/main.c:20:
../Drivers/STM32F4xx_HAL_Driver/Inc/stm32f4xx_hal_uart.h:722:79: note: expected 'const uint8_t *' {aka 'const unsigned char *'} but argument is of type 'char *'
  722 | HAL_StatusTypeDef HAL_UART_Transmit(UART_HandleTypeDef *huart, const uint8_t *pData, uint16_t Size, uint32_t Timeout);
      |                                                                ~~~~~~~~~~~~~~~^~~~~
arm-none-eabi-gcc -o "proj2.elf" @"objects.list"  -l:NetworkRuntime710_CM4_GCC.a -mcpu=cortex-m4 -T"C:\dev\microcon\proj2\STM32F407VGTX_FLASH.ld" --specs=nosys.specs -Wl,-Map="proj2.map" -Wl,--gc-sections -static -L../Middlewares/ST/AI/Lib --specs=nano.specs -mfpu=fpv4-sp-d16 -mfloat-abi=hard -mthumb -Wl,--start-group -lc -lm -Wl,--end-group
Finished building target: proj2.elf
 
arm-none-eabi-size   proj2.elf 
arm-none-eabi-objdump -h -S  proj2.elf  > "proj2.list"
   text	   data	    bss	    dec	    hex	filename
  58528	    996	   7736	  67260	  106bc	proj2.elf
Finished building: default.size.stdout
 
Finished building: proj2.list
 

11:14:32 Build Finished. 0 errors, 1 warnings. (took 1s.73ms)

